
  [30;43;1m WARN [39;49;22m Your XML configuration validates against a deprecated schema. Migrate your XML configuration using "--migrate-configuration"!

   PASS  Tests\Unit\AnakYatimControllerHelperTest
  Γ£ô handle photo upload saves with unique name                                          1.31s  
  Γ£ô handle photo upload returns correct path format                                     0.33s  
  Γ£ô handle photo upload with different file types                                       0.31s  
  Γ£ô delete photo removes existing file                                                  0.36s  
  Γ£ô delete photo handles null path                                                      0.32s  
  Γ£ô delete photo handles non existent file                                              0.28s  
  Γ£ô handle photo upload creates filenames with timestamp prefix                         0.28s  

   PASS  Tests\Unit\AnakYatimScopeTest
  Γ£ô scope search filters by names                                                       0.30s  
  Γ£ô scope by age range filters correctly                                                0.30s  
  Γ£ô scope by pendidikan filters correctly                                               0.32s  
  Γ£ô scope by tahun masuk filters correctly                                              0.35s  
  Γ£ô combining multiple scopes                                                           0.30s  

   PASS  Tests\Unit\AuthServiceRememberMeTest
  Γ£ô remember me sets token property                                                     1.39s  
  Γ£ô remember me false authenticates successfully                                        1.28s  

   PASS  Tests\Unit\AuthServiceTest
  Γ£ô successful authentication                                                           0.23s  
  Γ£ô failed authentication wrong password                                                0.44s  
  Γ£ô failed authentication nonexistent email                                             0.39s  
  Γ£ô logout clears session                                                               0.21s  
  Γ£ô check returns false when not authenticated                                          0.19s  
  Γ£ô user returns null when not authenticated                                            0.19s  
  Γ£ô authentication with remember me                                                     0.19s  
  Γ£ô authentication without remember me                                                  0.20s  
  Γ£ô multiple failed authentication attempts                                             0.81s  

   PASS  Tests\Unit\ExampleTest
  Γ£ô that true is true                                                                   0.01s  

   PASS  Tests\Unit\LaporanKeuanganExportTest
  Γ£ô export kas masuk has correct headings                                               0.20s  
  Γ£ô export kas keluar has correct headings                                              0.27s  
  Γ£ô export arus kas has correct headings                                                0.20s  
  Γ£ô export kas masuk has correct title                                                  0.20s  
  Γ£ô export kas keluar has correct title                                                 0.19s  
  Γ£ô export arus kas has correct title                                                   0.19s  
  Γ£ô export kas masuk collection includes grouped data                                   0.22s  
  Γ£ô export arus kas collection includes opening balance                                 0.19s  
  Γ£ô export arus kas collection includes summary                                         0.19s  
  Γ£ô export styles makes header bold                                                     0.20s  

   PASS  Tests\Unit\LaporanKeuanganServiceTest
  Γ£ô get laporan kas masuk returns correct structure                                     0.22s  
  Γ£ô get laporan kas masuk filters by category                                           0.22s  
  Γ£ô get laporan kas masuk groups by category                                            0.25s  
  Γ£ô get laporan kas keluar returns correct structure                                    0.23s  
  Γ£ô get laporan kas keluar filters by category                                          0.22s  
  Γ£ô get laporan arus kas calculates opening balance                                     0.24s  
  Γ£ô get laporan arus kas calculates running balance                                     0.22s  
  Γ£ô get laporan arus kas calculates closing balance                                     0.22s  
  Γ£ô get laporan arus kas returns correct structure                                      0.26s  
  Γ£ô get laporan kas masuk excludes pengeluaran                                          0.26s  
  Γ£ô get laporan kas keluar excludes penerimaan                                          0.28s  
  Γ£ô get laporan arus kas orders transactions chronologically                            0.27s  

   WARN  Tests\Unit\RateLimitingTest
  - five failed attempts trigger block ΓåÆ Rate limiting is disabled in testing environmΓÇª 0.33s  
  - rate limit message in indonesian ΓåÆ Rate limiting is disabled in testing environmenΓÇª 0.28s  
  - successful login resets rate limit ΓåÆ Rate limiting is disabled in testing environmΓÇª 0.28s  

   PASS  Tests\Unit\ResetPasswordRequestTest
  Γ£ô it passes with valid data                                                           0.31s  
  Γ£ô it fails when password is missing                                                   0.27s  
  Γ£ô it fails when password is too short                                                 0.26s  
  Γ£ô it fails when password confirmation does not match                                  0.23s  
  Γ£ô it fails when password confirmation is missing                                      0.23s  
  Γ£ô it passes with exactly 8 characters                                                 0.24s  
  Γ£ô it has indonesian error messages                                                    0.24s  

   PASS  Tests\Unit\RoleMiddlewareTest
  Γ£ô admin has universal access                                                          0.53s  
  Γ£ô role based access control enforced                                                  0.51s  
  Γ£ô unauthorized access redirects with error                                            0.45s  
  Γ£ô unauthenticated users redirected to login                                           0.22s  
  Γ£ô middleware with multiple role requirements                                          0.43s  
  Γ£ô staff cannot access bendahara only routes                                           0.33s  
  Γ£ô bendahara cannot access staff only routes                                           0.30s  

   PASS  Tests\Unit\RoleServiceTest
  Γ£ô get available roles returns correct roles                                           0.23s  
  Γ£ô admin has universal access                                                          0.20s  
  Γ£ô bendahara permissions                                                               0.20s  
  Γ£ô staff permissions                                                                   0.20s  
  Γ£ô get role permissions for admin                                                      0.21s  
  Γ£ô get role permissions for bendahara                                                  0.20s  
  Γ£ô get role permissions for staff                                                      0.24s  
  Γ£ô get role permissions for invalid role                                               0.21s  
  Γ£ô admin can perform all actions                                                       0.21s  
  Γ£ô bendahara can perform crud on transaksi                                             0.20s  
  Γ£ô bendahara can only read anak yatim                                                  0.22s  
  Γ£ô staff can perform crud on anak yatim                                                0.20s  
  Γ£ô staff can read and export laporan                                                   0.21s  
  Γ£ô staff cannot access transaksi                                                       0.21s  
  Γ£ô can perform action returns false for invalid role                                   0.23s  
  Γ£ô can perform action returns false for invalid feature                                0.19s  
  Γ£ô permission matrix completeness                                                      0.22s  

   PASS  Tests\Unit\StatistikKeuanganServiceTest
  Γ£ô it calculates saldo kas correctly                                                   0.24s  
  Γ£ô it returns zero saldo when no transactions                                          0.20s  
  Γ£ô it calculates total penerimaan bulan ini                                            0.20s  
  Γ£ô it calculates total pengeluaran bulan ini                                           0.22s  
  Γ£ô it generates grafik data for default 6 months                                       0.22s  
  Γ£ô it generates grafik data for custom months                                          0.19s  
  Γ£ô it formats grafik labels correctly                                                  0.20s  
  Γ£ô it retrieves transaksi terbaru with default limit                                   0.21s  
  Γ£ô it retrieves transaksi terbaru with custom limit                                    0.21s  
  Γ£ô it orders transaksi terbaru by date desc                                            0.21s  
  Γ£ô it returns empty collection when no transactions                                    0.19s  
  Γ£ô it excludes pengeluaran from penerimaan bulan ini                                   0.20s  
  Γ£ô it excludes penerimaan from pengeluaran bulan ini                                   0.21s  

   PASS  Tests\Unit\StoreAnakYatimRequestTest
  Γ£ô it passes with valid required fields                                                0.05s  
  Γ£ô it fails when nama lengkap is missing                                               0.04s  
  Γ£ô it fails when tempat lahir is missing                                               0.04s  
  Γ£ô it fails when tanggal lahir is missing                                              0.04s  
  Γ£ô it fails when tanggal lahir is in future                                            0.04s  
  Γ£ô it fails when jenis kelamin is missing                                              0.04s  
  Γ£ô it fails when jenis kelamin is invalid                                              0.04s  
  Γ£ô it fails when tanggal masuk is missing                                              0.04s  
  Γ£ô it fails when nomor telepon wali has invalid characters                             0.04s  
  Γ£ô it passes with valid nomor telepon wali                                             0.03s  
  Γ£ô it fails when string fields exceed max length                                       0.03s  
  Γ£ô it has indonesian error messages                                                    0.03s  

   PASS  Tests\Unit\StoreTransaksiRequestTest
  Γ£ô it passes with valid required fields                                                0.05s  
  Γ£ô it fails when tanggal is missing                                                    0.04s  
  Γ£ô it fails when tanggal is in future                                                  0.04s  
  Γ£ô it passes when tanggal is today                                                     0.03s  
  Γ£ô it fails when jenis is missing                                                      0.03s  
  Γ£ô it fails when jenis is invalid                                                      0.03s  
  Γ£ô it passes with valid jenis penerimaan                                               0.03s  
  Γ£ô it passes with valid jenis pengeluaran                                              0.03s  
  Γ£ô it fails when kategori is missing                                                   0.04s  
  Γ£ô it fails when kategori exceeds max length                                           0.03s  
  Γ£ô it fails when jumlah is missing                                                     0.03s  
  Γ£ô it fails when jumlah is zero                                                        0.03s  
  Γ£ô it fails when jumlah is negative                                                    0.03s  
  Γ£ô it passes with minimum valid jumlah                                                 0.03s  
  Γ£ô it fails when jumlah is not numeric                                                 0.04s  
  Γ£ô it fails when keterangan is missing                                                 0.03s  
  Γ£ô it fails when keterangan exceeds max length                                         0.04s  
  Γ£ô it passes when bukti file is not provided                                           0.03s  
  Γ£ô it has indonesian error messages                                                    0.03s  
  Γ£ô it has custom message for jumlah min                                                0.04s  
  Γ£ô it has custom message for tanggal future                                            0.03s  

   PASS  Tests\Unit\StoreUserRequestTest
  Γ£ô it passes with valid data                                                           0.26s  
  Γ£ô it fails when name is missing                                                       0.21s  
  Γ£ô it fails when email is missing                                                      0.22s  
  Γ£ô it fails when email format is invalid                                               0.23s  
  Γ£ô it fails when email already exists                                                  0.25s  
  Γ£ô it fails when password is missing                                                   0.25s  
  Γ£ô it fails when password is too short                                                 0.21s  
  Γ£ô it fails when password confirmation does not match                                  0.21s  
  Γ£ô it fails when role is missing                                                       0.20s  
  Γ£ô it fails when role is invalid                                                       0.21s  
  Γ£ô it passes with all valid roles                                                      0.20s  
  Γ£ô it fails when name exceeds max length                                               0.20s  
  Γ£ô it has indonesian error messages                                                    0.19s  

   PASS  Tests\Unit\TransaksiModelTest
  Γ£ô transaksi model has correct fillable fields                                         0.24s  
  Γ£ô transaksi model has correct casts                                                   0.22s  
  Γ£ô transaksi constants are defined                                                     0.22s  
  Γ£ô is penerimaan returns true for receipt                                              0.22s  
  Γ£ô is pengeluaran returns true for expense                                             0.28s  
  Γ£ô formatted jumlah attribute returns rupiah format                                    0.47s  
  Γ£ô scope penerimaan filters receipts only                                              0.32s  
  Γ£ô scope pengeluaran filters expenses only                                             0.30s  
  Γ£ô scope by date range filters correctly                                               0.27s  
  Γ£ô scope by kategori filters correctly                                                 0.28s  
  Γ£ô scope search filters by keterangan                                                  0.28s  
  Γ£ô factory creates valid transaksi                                                     0.33s  
  Γ£ô factory penerimaan state creates receipt                                            0.24s  
  Γ£ô factory pengeluaran state creates expense                                           0.23s  
  Γ£ô factory with bukti file state adds file                                             0.23s  

   PASS  Tests\Unit\TransaksiServiceTest
  Γ£ô creates transaction without file                                                    0.28s  
  Γ£ô creates transaction with file upload                                                0.28s  
  Γ£ô generates unique filename for uploaded file                                         0.30s  
  Γ£ô updates transaction without changing file                                           0.30s  
  Γ£ô updates transaction and replaces file                                               0.33s  
  Γ£ô keeps existing file when no new file provided                                       0.34s  
  Γ£ô deletes transaction without file                                                    0.28s  
  Γ£ô deletes transaction and associated file                                             0.29s  
  Γ£ô returns zero when no transactions exist                                             0.28s  
  Γ£ô calculates balance with only receipts                                               0.28s  
  Γ£ô calculates balance with only expenses                                               0.23s  
  Γ£ô calculates balance with mixed transactions                                          0.23s  
  Γ£ô handles decimal amounts correctly                                                   0.23s  
  Γ£ô returns all transactions without filters                                            0.56s  
  Γ£ô filters by date range                                                               0.29s  
  Γ£ô filters by jenis                                                                    0.28s  
  Γ£ô filters by kategori                                                                 0.24s  
  Γ£ô searches by keterangan                                                              0.32s  
  Γ£ô applies multiple filters simultaneously                                             0.53s  
  Γ£ô orders results by date descending                                                   0.39s  

   PASS  Tests\Unit\UpdateAnakYatimRequestTest
  Γ£ô valid data passes validation                                                        0.13s  
  Γ£ô required fields validation                                                          0.08s  
  Γ£ô tanggal lahir must be before today                                                  0.08s  
  Γ£ô jenis kelamin validation                                                            0.08s  
  Γ£ô nomor telepon wali format validation                                                0.06s  
  Γ£ô max length validation                                                               0.06s  
  Γ£ô foto is optional                                                                    0.06s  
  Γ£ô custom error messages exist                                                         0.05s  

   PASS  Tests\Unit\UpdateTransaksiRequestTest
  Γ£ô it passes with valid data                                                           0.07s  
  Γ£ô it fails when required fields are missing                                           0.05s  
  Γ£ô it fails when tanggal is in future                                                  0.05s  
  Γ£ô it passes when tanggal is in past                                                   0.04s  
  Γ£ô it fails when jenis is invalid                                                      0.04s  
  Γ£ô it passes with both valid jenis values                                              0.04s  
  Γ£ô it fails when kategori exceeds max length                                           0.04s  
  Γ£ô it fails when jumlah is zero                                                        0.04s  
  Γ£ô it fails when jumlah is negative                                                    0.04s  
  Γ£ô it passes with decimal jumlah                                                       0.04s  
  Γ£ô it passes with minimum valid jumlah                                                 0.05s  
  Γ£ô it fails when keterangan exceeds max length                                         0.05s  
  Γ£ô it passes when bukti file is optional                                               0.04s  
  Γ£ô it has indonesian error messages                                                    0.04s  
  Γ£ô it has custom message for invalid jenis                                             0.05s  
  Γ£ô it has custom message for jumlah validation                                         0.04s  
  Γ£ô it has custom messages defined                                                      0.04s  

   PASS  Tests\Unit\UpdateUserRequestTest
  Γ£ô it passes with valid data                                                           0.25s  
  Γ£ô it fails when name is missing                                                       0.30s  
  Γ£ô it fails when email is missing                                                      0.24s  
  Γ£ô it fails when email format is invalid                                               0.23s  
  Γ£ô it allows same email for same user                                                  0.22s  
  Γ£ô it fails when email exists for different user                                       0.23s  
  Γ£ô it fails when role is missing                                                       0.25s  
  Γ£ô it fails when role is invalid                                                       0.22s  
  Γ£ô it passes with all valid roles                                                      0.22s  
  Γ£ô it fails when name exceeds max length                                               0.22s  
  Γ£ô it has indonesian error messages                                                    0.21s  

   PASS  Tests\Unit\UserPasswordHashingTest
  Γ£ô passwords are hashed before storage                                                 0.57s  
  Γ£ô password hashing on multiple creates                                                0.29s  
  Γ£ô different passwords produce different hashes                                        0.32s  
  Γ£ô same password produces different hashes due to salt                                 0.23s  

   PASS  Tests\Unit\UserRoleMethodsTest
  Γ£ô has role returns true for admin                                                     0.20s  
  Γ£ô has role returns true for bendahara                                                 0.19s  
  Γ£ô has role returns true for staff                                                     0.22s  
  Γ£ô is admin returns true only for admin                                                0.22s  
  Γ£ô is bendahara returns true only for bendahara                                        0.21s  
  Γ£ô is staff returns true only for staff                                                0.23s  
  Γ£ô admin can access all features                                                       0.21s  
  Γ£ô bendahara has correct permissions                                                   0.23s  
  Γ£ô staff has correct permissions                                                       0.20s  
  Γ£ô can access returns false for invalid feature                                        0.21s  
  Γ£ô role methods with multiple users                                                    0.21s  

   PASS  Tests\Unit\UserServiceTest
  Γ£ô get all users with pagination                                                       0.27s  
  Γ£ô get all users ordered by name                                                       0.21s  
  Γ£ô create user with valid data                                                         0.19s  
  Γ£ô create user hashes password                                                         0.22s  
  Γ£ô create user with different roles                                                    0.22s  
  Γ£ô update user                                                                         0.22s  
  Γ£ô update user returns fresh instance                                                  0.25s  
  Γ£ô delete user                                                                         0.24s  
  Γ£ô reset password                                                                      0.24s  
  Γ£ô reset password hashes password                                                      0.24s  
  Γ£ô is valid role returns true for valid roles                                          0.21s  
  Γ£ô is valid role returns false for invalid roles                                       0.23s  
  Γ£ô get all users with custom per page                                                  0.31s  
  Γ£ô get all users with default per page                                                 0.27s  

   PASS  Tests\Feature\AnakYatimControllerTest
  Γ£ô index displays paginated list                                                       0.40s  
  Γ£ô index with search filters results                                                   0.24s  
  Γ£ô create displays form                                                                0.26s  
  Γ£ô store creates new record                                                            0.23s  
  Γ£ô store with photo upload                                                             0.24s  
  Γ£ô show displays detail                                                                0.24s  
  Γ£ô edit displays form with data                                                        0.31s  
  Γ£ô update updates existing record                                                      0.45s  
  Γ£ô update replaces old photo                                                           0.68s  
  Γ£ô destroy deletes record and photo                                                    0.63s  
  Γ£ô admin can access all features                                                       0.47s  
  Γ£ô staff can access all crud operations                                                0.40s  
  Γ£ô bendahara has read only access                                                      0.39s  

   PASS  Tests\Feature\AuthenticationTest
  Γ£ô valid credentials create session and redirect                                       1.42s  
  Γ£ô invalid credentials show error without session                                     31.59s  
  Γ£ô logout destroys session                                                             0.83s  
  Γ£ô login with remember me sets token                                                   0.53s  
  Γ£ô login without remember me                                                           0.52s  
  Γ£ô login validation requires email and password                                        0.28s  
  Γ£ô authenticated users redirected from login                                           0.51s  
  Γ£ô session regenerates on login                                                        0.30s  

   FAIL  Tests\Feature\CreateViewTest
  Γ¿» create view can be rendered                                                         0.31s  
  Γ¿» create view contains all required form fields                                       0.28s  
  Γ¿» create view contains csrf token                                                     0.29s  
  Γ¿» create view has correct form action                                                 0.28s  
  Γ¿» create view displays validation errors                                              0.30s  
  Γ¿» create view preserves old input on validation error                                 0.28s  
  Γ¿» create view has photo preview functionality                                         0.29s  

   PASS  Tests\Feature\DashboardKeuanganControllerTest
  Γ£ô dashboard keuangan displays successfully                                            0.30s  
  Γ£ô dashboard displays correct statistics                                               0.31s  
  Γ£ô dashboard displays chart data                                                       0.35s  
  Γ£ô dashboard displays recent transactions                                              0.33s  
  Γ£ô dashboard shows empty state when no transactions                                    0.31s  

   FAIL  Tests\Feature\EditViewTest
  Γ¿» edit view form is prefilled with existing data                                      0.29s  
  Γ¿» edit view displays existing photo if present                                        0.30s  
  Γ¿» edit view has optional file input for new photo                                     0.27s  
  Γ¿» edit view displays validation errors inline                                         0.31s  
  Γ¿» edit view has back and save buttons                                                 0.31s  
  Γ¿» edit view form uses put method                                                      0.29s  
  Γ¿» edit view includes csrf token                                                       0.38s  
  Γ¿» edit view preserves selected dropdown values                                        0.41s  

   FAIL  Tests\Feature\ExampleTest
  Γ¿» the application returns a successful response                                       0.39s  

   FAIL  Tests\Feature\IndexViewTest
  Γ¿» index view contains required elements                                               0.39s  
  Γ¿» index view shows empty message                                                      0.30s  
  Γ¿» index view shows pagination                                                         0.33s  
  Γ¿» index view shows active filters                                                     0.34s  
  Γ¿» delete confirmation script exists                                                   0.29s  

   PASS  Tests\Feature\MenuVisibilityTest
  Γ£ô property menu visibility respects roles                                             0.98s  
  Γ£ô admin sees all menu items                                                           0.60s  
  Γ£ô bendahara sees appropriate menu items                                               0.95s  
  Γ£ô staff sees appropriate menu items                                                   0.59s  
  Γ£ô unauthenticated user sees no menu                                                   0.36s  
  Γ£ô profile dropdown contains correct items                                             0.40s  
  Γ£ô keuangan dropdown contains correct items                                            0.33s  

   PASS  Tests\Feature\ProfileManagementTest
  Γ£ô profile displays user data                                                          2.04s  
  Γ£ô profile update restricts role modification                                          1.87s  
  Γ£ô password change requires current password                                           2.26s  
  Γ£ô password change validates strength                                                  2.51s  
  Γ£ô email update validates uniqueness                                                6307.88s  
  Γ£ô successful password change                                                          4.22s  
  Γ£ô successful profile update                                                           3.61s  
  Γ£ô profile update allows same email                                                    3.26s  
  Γ£ô unauthenticated users cannot access profile                                         2.61s  
  Γ£ô profile validation requires name and email                                          3.10s  
  Γ£ô password change validation requires all fields                                      2.80s  

   PASS  Tests\Feature\SecurityTest
  Γ£ô csrf protection on forms                                                           11.58s  
  Γ£ô error messages dont expose sensitive data                                          33.25s  
  Γ£ô authentication events are logged                                                    1.71s  
  Γ£ô passwords are never logged                                                          3.68s  
  Γ£ô ip addresses logged with auth events                                                1.69s  
  Γ£ô user agent logged with auth events                                                  1.38s  
  Γ£ô timestamps logged with auth events                                                  1.37s  

   FAIL  Tests\Feature\ShowViewTest
  Γ¿» show view displays all data in card format                                          0.81s  
  Γ¿» show view displays photo when exists                                                0.51s  
  Γ¿» show view displays placeholder when no photo                                        0.58s  
  Γ¿» show view has back edit and delete buttons                                          0.49s  
  Γ¿» show view displays calculated age                                                   0.53s  
  Γ¿» show view displays null fields as dash                                              0.62s  

   PASS  Tests\Feature\TransaksiControllerTest
  Γ£ô index displays paginated list                                                       0.61s  
  Γ£ô index with date range filter                                                        0.55s  
  Γ£ô index with jenis filter                                                             0.59s  
  Γ£ô index with kategori filter                                                          0.54s  
  Γ£ô index with search filters results                                                   0.66s  
  Γ£ô create displays form                                                                0.67s  
  Γ£ô store creates new penerimaan transaction                                            0.56s  
  Γ£ô store creates new pengeluaran transaction                                           0.64s  
  Γ£ô store with file upload                                                              0.64s  
  Γ£ô show displays detail                                                                0.55s  
  Γ£ô edit displays form with data                                                        0.62s  
  Γ£ô update updates existing record                                                      0.64s  
  Γ£ô update replaces old file                                                            0.62s  
  Γ£ô destroy deletes record and file                                                     0.63s  
  Γ£ô index with multiple filters                                                         0.69s  
  Γ£ô admin can access all features                                                       0.73s  
  Γ£ô bendahara can access all crud operations                                            0.99s  
  Γ£ô staff cannot access crud operations                                                 0.76s  

   PASS  Tests\Feature\UnauthorizedViewTest
  Γ£ô 403 error view displays correctly for unauthorized access                           0.74s  
  Γ£ô 403 error view shows user info when authenticated                                   0.50s  
  Γ£ô 403 error view has navigation buttons                                               0.54s  

   PASS  Tests\Feature\UserControllerTest
  Γ£ô admin can view users index                                                          0.62s  
  Γ£ô non admin cannot view users index                                                   0.79s  
  Γ£ô admin can view create user form                                                     0.74s  
  Γ£ô admin can create user                                                               0.65s  
  Γ£ô admin can view edit user form                                                       0.48s  
  Γ£ô admin can update user                                                               0.57s  
  Γ£ô admin can delete user                                                               0.59s  
  Γ£ô non admin cannot create user                                                        0.74s  
  Γ£ô non admin cannot update user                                                        0.62s  
  Γ£ô non admin cannot delete user                                                        0.50s  
  Γ£ô guest cannot access user management                                                 0.44s  
  Γ£ô admin can view reset password form                                                  0.44s  
  Γ£ô admin can reset user password                                                       0.47s  
  Γ£ô password reset validates minimum length                                             0.48s  
  Γ£ô password reset validates confirmation                                               0.44s  
  Γ£ô non admin cannot view reset password form                                           0.45s  
  Γ£ô non admin cannot reset password                                                     0.43s  
  Γ£ô guest cannot access reset password                                                  0.42s  
  ΓöÇΓöÇΓöÇΓöÇΓöÇΓöÇΓöÇΓöÇΓöÇΓöÇΓöÇΓöÇΓöÇΓöÇΓöÇΓöÇΓöÇΓöÇΓöÇΓöÇΓöÇΓöÇΓöÇΓöÇΓöÇΓöÇΓöÇΓöÇΓöÇΓöÇΓöÇΓöÇΓöÇΓöÇΓöÇΓöÇΓöÇΓöÇΓöÇΓöÇΓöÇΓöÇΓöÇΓöÇΓöÇΓöÇΓöÇΓöÇΓöÇΓöÇΓöÇΓöÇΓöÇΓöÇΓöÇΓöÇΓöÇΓöÇΓöÇΓöÇΓöÇΓöÇΓöÇΓöÇΓöÇΓöÇΓöÇΓöÇΓöÇΓöÇΓöÇΓöÇΓöÇΓöÇΓöÇΓöÇΓöÇΓöÇΓöÇΓöÇΓöÇΓöÇΓöÇΓöÇΓöÇΓöÇΓöÇΓöÇΓöÇΓöÇΓöÇ  
   FAILED  Tests\Feature\CreateViewTest > create view can be rendered                          
  Expected response status code [200] but received 302.
Failed asserting that 302 is identical to 200.

  at tests\Feature\CreateViewTest.php:17
     13Γûò     public function create_view_can_be_rendered()
     14Γûò     {
     15Γûò         $response = $this->get(route('anak-yatim.create'));
     16Γûò 
  Γ₧£  17Γûò         $response->assertStatus(200);
     18Γûò         $response->assertViewIs('anak-yatim.create');
     19Γûò     }
     20Γûò 
     21Γûò     /** @test */

  ΓöÇΓöÇΓöÇΓöÇΓöÇΓöÇΓöÇΓöÇΓöÇΓöÇΓöÇΓöÇΓöÇΓöÇΓöÇΓöÇΓöÇΓöÇΓöÇΓöÇΓöÇΓöÇΓöÇΓöÇΓöÇΓöÇΓöÇΓöÇΓöÇΓöÇΓöÇΓöÇΓöÇΓöÇΓöÇΓöÇΓöÇΓöÇΓöÇΓöÇΓöÇΓöÇΓöÇΓöÇΓöÇΓöÇΓöÇΓöÇΓöÇΓöÇΓöÇΓöÇΓöÇΓöÇΓöÇΓöÇΓöÇΓöÇΓöÇΓöÇΓöÇΓöÇΓöÇΓöÇΓöÇΓöÇΓöÇΓöÇΓöÇΓöÇΓöÇΓöÇΓöÇΓöÇΓöÇΓöÇΓöÇΓöÇΓöÇΓöÇΓöÇΓöÇΓöÇΓöÇΓöÇΓöÇΓöÇΓöÇΓöÇΓöÇΓöÇ  
   FAILED  Tests\Feature\CreateViewTest > create view contains all required form fields        
  Expected response status code [200] but received 302.
Failed asserting that 302 is identical to 200.

  at tests\Feature\CreateViewTest.php:26
     22Γûò     public function create_view_contains_all_required_form_fields()
     23Γûò     {
     24Γûò         $response = $this->get(route('anak-yatim.create'));
     25Γûò 
  Γ₧£  26Γûò         $response->assertStatus(200);
     27Γûò         
     28Γûò         // Check for required fields
     29Γûò         $response->assertSee('nama_lengkap');
     30Γûò         $response->assertSee('tempat_lahir');

  ΓöÇΓöÇΓöÇΓöÇΓöÇΓöÇΓöÇΓöÇΓöÇΓöÇΓöÇΓöÇΓöÇΓöÇΓöÇΓöÇΓöÇΓöÇΓöÇΓöÇΓöÇΓöÇΓöÇΓöÇΓöÇΓöÇΓöÇΓöÇΓöÇΓöÇΓöÇΓöÇΓöÇΓöÇΓöÇΓöÇΓöÇΓöÇΓöÇΓöÇΓöÇΓöÇΓöÇΓöÇΓöÇΓöÇΓöÇΓöÇΓöÇΓöÇΓöÇΓöÇΓöÇΓöÇΓöÇΓöÇΓöÇΓöÇΓöÇΓöÇΓöÇΓöÇΓöÇΓöÇΓöÇΓöÇΓöÇΓöÇΓöÇΓöÇΓöÇΓöÇΓöÇΓöÇΓöÇΓöÇΓöÇΓöÇΓöÇΓöÇΓöÇΓöÇΓöÇΓöÇΓöÇΓöÇΓöÇΓöÇΓöÇΓöÇΓöÇ  
   FAILED  Tests\Feature\CreateViewTest > create view contains csrf token                      
  Expected response status code [200] but received 302.
Failed asserting that 302 is identical to 200.

  at tests\Feature\CreateViewTest.php:52
     48Γûò     public function create_view_contains_csrf_token()
     49Γûò     {
     50Γûò         $response = $this->get(route('anak-yatim.create'));
     51Γûò 
  Γ₧£  52Γûò         $response->assertStatus(200);
     53Γûò         $response->assertSee('_token', false);
     54Γûò     }
     55Γûò 
     56Γûò     /** @test */

  ΓöÇΓöÇΓöÇΓöÇΓöÇΓöÇΓöÇΓöÇΓöÇΓöÇΓöÇΓöÇΓöÇΓöÇΓöÇΓöÇΓöÇΓöÇΓöÇΓöÇΓöÇΓöÇΓöÇΓöÇΓöÇΓöÇΓöÇΓöÇΓöÇΓöÇΓöÇΓöÇΓöÇΓöÇΓöÇΓöÇΓöÇΓöÇΓöÇΓöÇΓöÇΓöÇΓöÇΓöÇΓöÇΓöÇΓöÇΓöÇΓöÇΓöÇΓöÇΓöÇΓöÇΓöÇΓöÇΓöÇΓöÇΓöÇΓöÇΓöÇΓöÇΓöÇΓöÇΓöÇΓöÇΓöÇΓöÇΓöÇΓöÇΓöÇΓöÇΓöÇΓöÇΓöÇΓöÇΓöÇΓöÇΓöÇΓöÇΓöÇΓöÇΓöÇΓöÇΓöÇΓöÇΓöÇΓöÇΓöÇΓöÇΓöÇΓöÇ  
   FAILED  Tests\Feature\CreateViewTest > create view has correct form action                  
  Expected response status code [200] but received 302.
Failed asserting that 302 is identical to 200.

  at tests\Feature\CreateViewTest.php:61
     57Γûò     public function create_view_has_correct_form_action()
     58Γûò     {
     59Γûò         $response = $this->get(route('anak-yatim.create'));
     60Γûò 
  Γ₧£  61Γûò         $response->assertStatus(200);
     62Γûò         $response->assertSee(route('anak-yatim.store'), false);
     63Γûò     }
     64Γûò 
     65Γûò     /** @test */

  ΓöÇΓöÇΓöÇΓöÇΓöÇΓöÇΓöÇΓöÇΓöÇΓöÇΓöÇΓöÇΓöÇΓöÇΓöÇΓöÇΓöÇΓöÇΓöÇΓöÇΓöÇΓöÇΓöÇΓöÇΓöÇΓöÇΓöÇΓöÇΓöÇΓöÇΓöÇΓöÇΓöÇΓöÇΓöÇΓöÇΓöÇΓöÇΓöÇΓöÇΓöÇΓöÇΓöÇΓöÇΓöÇΓöÇΓöÇΓöÇΓöÇΓöÇΓöÇΓöÇΓöÇΓöÇΓöÇΓöÇΓöÇΓöÇΓöÇΓöÇΓöÇΓöÇΓöÇΓöÇΓöÇΓöÇΓöÇΓöÇΓöÇΓöÇΓöÇΓöÇΓöÇΓöÇΓöÇΓöÇΓöÇΓöÇΓöÇΓöÇΓöÇΓöÇΓöÇΓöÇΓöÇΓöÇΓöÇΓöÇΓöÇΓöÇΓöÇ  
   FAILED  Tests\Feature\CreateViewTest > create view displays validation errors               
  Session is missing expected key [errors].
Failed asserting that false is true.

  at tests\Feature\CreateViewTest.php:72
     68Γûò         // Submit empty form to trigger validation errors
     69Γûò         $response = $this->post(route('anak-yatim.store'), []);
     70Γûò 
     71Γûò         $response->assertSessionHasErrors([
  Γ₧£  72Γûò             'nama_lengkap',
     73Γûò             'tempat_lahir',
     74Γûò             'tanggal_lahir',
     75Γûò             'jenis_kelamin',
     76Γûò             'tanggal_masuk'

  ΓöÇΓöÇΓöÇΓöÇΓöÇΓöÇΓöÇΓöÇΓöÇΓöÇΓöÇΓöÇΓöÇΓöÇΓöÇΓöÇΓöÇΓöÇΓöÇΓöÇΓöÇΓöÇΓöÇΓöÇΓöÇΓöÇΓöÇΓöÇΓöÇΓöÇΓöÇΓöÇΓöÇΓöÇΓöÇΓöÇΓöÇΓöÇΓöÇΓöÇΓöÇΓöÇΓöÇΓöÇΓöÇΓöÇΓöÇΓöÇΓöÇΓöÇΓöÇΓöÇΓöÇΓöÇΓöÇΓöÇΓöÇΓöÇΓöÇΓöÇΓöÇΓöÇΓöÇΓöÇΓöÇΓöÇΓöÇΓöÇΓöÇΓöÇΓöÇΓöÇΓöÇΓöÇΓöÇΓöÇΓöÇΓöÇΓöÇΓöÇΓöÇΓöÇΓöÇΓöÇΓöÇΓöÇΓöÇΓöÇΓöÇΓöÇΓöÇ  
   FAILED  Tests\Feature\CreateViewTest > create view preserves old input on validation errΓÇª   
  Session is missing expected key [errors].
Failed asserting that false is true.

  at tests\Feature\CreateViewTest.php:92
     88Γûò 
     89Γûò         $response = $this->from(route('anak-yatim.create'))
     90Γûò             ->post(route('anak-yatim.store'), $data);
     91Γûò 
  Γ₧£  92Γûò         $response->assertSessionHasErrors();
     93Γûò         $response->assertRedirect(route('anak-yatim.create'));
     94Γûò         
     95Γûò         // Follow redirect and check old input
     96Γûò         $followResponse = $this->get(route('anak-yatim.create'));

  ΓöÇΓöÇΓöÇΓöÇΓöÇΓöÇΓöÇΓöÇΓöÇΓöÇΓöÇΓöÇΓöÇΓöÇΓöÇΓöÇΓöÇΓöÇΓöÇΓöÇΓöÇΓöÇΓöÇΓöÇΓöÇΓöÇΓöÇΓöÇΓöÇΓöÇΓöÇΓöÇΓöÇΓöÇΓöÇΓöÇΓöÇΓöÇΓöÇΓöÇΓöÇΓöÇΓöÇΓöÇΓöÇΓöÇΓöÇΓöÇΓöÇΓöÇΓöÇΓöÇΓöÇΓöÇΓöÇΓöÇΓöÇΓöÇΓöÇΓöÇΓöÇΓöÇΓöÇΓöÇΓöÇΓöÇΓöÇΓöÇΓöÇΓöÇΓöÇΓöÇΓöÇΓöÇΓöÇΓöÇΓöÇΓöÇΓöÇΓöÇΓöÇΓöÇΓöÇΓöÇΓöÇΓöÇΓöÇΓöÇΓöÇΓöÇΓöÇ  
   FAILED  Tests\Feature\CreateViewTest > create view has photo preview functionality          
  Expected response status code [200] but received 302.
Failed asserting that 302 is identical to 200.

  at tests\Feature\CreateViewTest.php:106
    102Γûò     public function create_view_has_photo_preview_functionality()
    103Γûò     {
    104Γûò         $response = $this->get(route('anak-yatim.create'));
    105Γûò 
  Γ₧£ 106Γûò         $response->assertStatus(200);
    107Γûò         $response->assertSee('previewImage', false);
    108Γûò         $response->assertSee('photoPreview', false);
    109Γûò     }
    110Γûò }

  ΓöÇΓöÇΓöÇΓöÇΓöÇΓöÇΓöÇΓöÇΓöÇΓöÇΓöÇΓöÇΓöÇΓöÇΓöÇΓöÇΓöÇΓöÇΓöÇΓöÇΓöÇΓöÇΓöÇΓöÇΓöÇΓöÇΓöÇΓöÇΓöÇΓöÇΓöÇΓöÇΓöÇΓöÇΓöÇΓöÇΓöÇΓöÇΓöÇΓöÇΓöÇΓöÇΓöÇΓöÇΓöÇΓöÇΓöÇΓöÇΓöÇΓöÇΓöÇΓöÇΓöÇΓöÇΓöÇΓöÇΓöÇΓöÇΓöÇΓöÇΓöÇΓöÇΓöÇΓöÇΓöÇΓöÇΓöÇΓöÇΓöÇΓöÇΓöÇΓöÇΓöÇΓöÇΓöÇΓöÇΓöÇΓöÇΓöÇΓöÇΓöÇΓöÇΓöÇΓöÇΓöÇΓöÇΓöÇΓöÇΓöÇΓöÇΓöÇ  
   FAILED  Tests\Feature\EditViewTest > edit view form is prefilled with existing data         
  Expected response status code [200] but received 302.
Failed asserting that 302 is identical to 200.

  at tests\Feature\EditViewTest.php:29
     25Γûò         ]);
     26Γûò 
     27Γûò         $response = $this->get(route('anak-yatim.edit', $anak));
     28Γûò 
  Γ₧£  29Γûò         $response->assertStatus(200);
     30Γûò         $response->assertSee('Edit Data Anak Yatim');
     31Γûò         $response->assertSee('value="Ahmad Test"', false);
     32Γûò         $response->assertSee('value="Jakarta"', false);
     33Γûò         $response->assertSee('value="2010-05-15"', false);

  ΓöÇΓöÇΓöÇΓöÇΓöÇΓöÇΓöÇΓöÇΓöÇΓöÇΓöÇΓöÇΓöÇΓöÇΓöÇΓöÇΓöÇΓöÇΓöÇΓöÇΓöÇΓöÇΓöÇΓöÇΓöÇΓöÇΓöÇΓöÇΓöÇΓöÇΓöÇΓöÇΓöÇΓöÇΓöÇΓöÇΓöÇΓöÇΓöÇΓöÇΓöÇΓöÇΓöÇΓöÇΓöÇΓöÇΓöÇΓöÇΓöÇΓöÇΓöÇΓöÇΓöÇΓöÇΓöÇΓöÇΓöÇΓöÇΓöÇΓöÇΓöÇΓöÇΓöÇΓöÇΓöÇΓöÇΓöÇΓöÇΓöÇΓöÇΓöÇΓöÇΓöÇΓöÇΓöÇΓöÇΓöÇΓöÇΓöÇΓöÇΓöÇΓöÇΓöÇΓöÇΓöÇΓöÇΓöÇΓöÇΓöÇΓöÇΓöÇ  
   FAILED  Tests\Feature\EditViewTest > edit view displays existing photo if present           
  Expected response status code [200] but received 302.
Failed asserting that 302 is identical to 200.

  at tests\Feature\EditViewTest.php:47
     43Γûò         ]);
     44Γûò 
     45Γûò         $response = $this->get(route('anak-yatim.edit', $anak));
     46Γûò 
  Γ₧£  47Γûò         $response->assertStatus(200);
     48Γûò         $response->assertSee('Foto Saat Ini');
     49Γûò         $response->assertSee('storage/photos/test-photo.jpg', false);
     50Γûò     }
     51Γûò

  ΓöÇΓöÇΓöÇΓöÇΓöÇΓöÇΓöÇΓöÇΓöÇΓöÇΓöÇΓöÇΓöÇΓöÇΓöÇΓöÇΓöÇΓöÇΓöÇΓöÇΓöÇΓöÇΓöÇΓöÇΓöÇΓöÇΓöÇΓöÇΓöÇΓöÇΓöÇΓöÇΓöÇΓöÇΓöÇΓöÇΓöÇΓöÇΓöÇΓöÇΓöÇΓöÇΓöÇΓöÇΓöÇΓöÇΓöÇΓöÇΓöÇΓöÇΓöÇΓöÇΓöÇΓöÇΓöÇΓöÇΓöÇΓöÇΓöÇΓöÇΓöÇΓöÇΓöÇΓöÇΓöÇΓöÇΓöÇΓöÇΓöÇΓöÇΓöÇΓöÇΓöÇΓöÇΓöÇΓöÇΓöÇΓöÇΓöÇΓöÇΓöÇΓöÇΓöÇΓöÇΓöÇΓöÇΓöÇΓöÇΓöÇΓöÇΓöÇ  
   FAILED  Tests\Feature\EditViewTest > edit view has optional file input for new photo        
  Expected response status code [200] but received 302.
Failed asserting that 302 is identical to 200.

  at tests\Feature\EditViewTest.php:58
     54Γûò         $anak = AnakYatim::factory()->create();
     55Γûò 
     56Γûò         $response = $this->get(route('anak-yatim.edit', $anak));
     57Γûò 
  Γ₧£  58Γûò         $response->assertStatus(200);
     59Γûò         $response->assertSee('Upload Foto Baru (Opsional)');
     60Γûò         $response->assertSee('type="file"', false);
     61Γûò         $response->assertSee('name="foto"', false);
     62Γûò     }

  ΓöÇΓöÇΓöÇΓöÇΓöÇΓöÇΓöÇΓöÇΓöÇΓöÇΓöÇΓöÇΓöÇΓöÇΓöÇΓöÇΓöÇΓöÇΓöÇΓöÇΓöÇΓöÇΓöÇΓöÇΓöÇΓöÇΓöÇΓöÇΓöÇΓöÇΓöÇΓöÇΓöÇΓöÇΓöÇΓöÇΓöÇΓöÇΓöÇΓöÇΓöÇΓöÇΓöÇΓöÇΓöÇΓöÇΓöÇΓöÇΓöÇΓöÇΓöÇΓöÇΓöÇΓöÇΓöÇΓöÇΓöÇΓöÇΓöÇΓöÇΓöÇΓöÇΓöÇΓöÇΓöÇΓöÇΓöÇΓöÇΓöÇΓöÇΓöÇΓöÇΓöÇΓöÇΓöÇΓöÇΓöÇΓöÇΓöÇΓöÇΓöÇΓöÇΓöÇΓöÇΓöÇΓöÇΓöÇΓöÇΓöÇΓöÇΓöÇ  
   FAILED  Tests\Feature\EditViewTest > edit view displays validation errors inline            
  Session is missing expected key [errors].
Failed asserting that false is true.

  at tests\Feature\EditViewTest.php:76
     72Γûò             'jenis_kelamin' => 'Laki-laki',
     73Γûò             'tanggal_masuk' => '2020-01-10',
     74Γûò         ]);
     75Γûò 
  Γ₧£  76Γûò         $response->assertSessionHasErrors('nama_lengkap');
     77Γûò         
     78Γûò         // Follow redirect and check error display
     79Γûò         $response = $this->get(route('anak-yatim.edit', $anak));
     80Γûò         $response->assertSee('is-invalid');

  ΓöÇΓöÇΓöÇΓöÇΓöÇΓöÇΓöÇΓöÇΓöÇΓöÇΓöÇΓöÇΓöÇΓöÇΓöÇΓöÇΓöÇΓöÇΓöÇΓöÇΓöÇΓöÇΓöÇΓöÇΓöÇΓöÇΓöÇΓöÇΓöÇΓöÇΓöÇΓöÇΓöÇΓöÇΓöÇΓöÇΓöÇΓöÇΓöÇΓöÇΓöÇΓöÇΓöÇΓöÇΓöÇΓöÇΓöÇΓöÇΓöÇΓöÇΓöÇΓöÇΓöÇΓöÇΓöÇΓöÇΓöÇΓöÇΓöÇΓöÇΓöÇΓöÇΓöÇΓöÇΓöÇΓöÇΓöÇΓöÇΓöÇΓöÇΓöÇΓöÇΓöÇΓöÇΓöÇΓöÇΓöÇΓöÇΓöÇΓöÇΓöÇΓöÇΓöÇΓöÇΓöÇΓöÇΓöÇΓöÇΓöÇΓöÇΓöÇ  
   FAILED  Tests\Feature\EditViewTest > edit view has back and save buttons                    
  Expected response status code [200] but received 302.
Failed asserting that 302 is identical to 200.

  at tests\Feature\EditViewTest.php:89
     85Γûò         $anak = AnakYatim::factory()->create();
     86Γûò 
     87Γûò         $response = $this->get(route('anak-yatim.edit', $anak));
     88Γûò 
  Γ₧£  89Γûò         $response->assertStatus(200);
     90Γûò         $response->assertSee('Kembali');
     91Γûò         $response->assertSee('Simpan Perubahan');
     92Γûò         $response->assertSee(route('anak-yatim.show', $anak), false);
     93Γûò     }

  ΓöÇΓöÇΓöÇΓöÇΓöÇΓöÇΓöÇΓöÇΓöÇΓöÇΓöÇΓöÇΓöÇΓöÇΓöÇΓöÇΓöÇΓöÇΓöÇΓöÇΓöÇΓöÇΓöÇΓöÇΓöÇΓöÇΓöÇΓöÇΓöÇΓöÇΓöÇΓöÇΓöÇΓöÇΓöÇΓöÇΓöÇΓöÇΓöÇΓöÇΓöÇΓöÇΓöÇΓöÇΓöÇΓöÇΓöÇΓöÇΓöÇΓöÇΓöÇΓöÇΓöÇΓöÇΓöÇΓöÇΓöÇΓöÇΓöÇΓöÇΓöÇΓöÇΓöÇΓöÇΓöÇΓöÇΓöÇΓöÇΓöÇΓöÇΓöÇΓöÇΓöÇΓöÇΓöÇΓöÇΓöÇΓöÇΓöÇΓöÇΓöÇΓöÇΓöÇΓöÇΓöÇΓöÇΓöÇΓöÇΓöÇΓöÇΓöÇ  
   FAILED  Tests\Feature\EditViewTest > edit view form uses put method                         
  Expected response status code [200] but received 302.
Failed asserting that 302 is identical to 200.

  at tests\Feature\EditViewTest.php:101
     97Γûò         $anak = AnakYatim::factory()->create();
     98Γûò 
     99Γûò         $response = $this->get(route('anak-yatim.edit', $anak));
    100Γûò 
  Γ₧£ 101Γûò         $response->assertStatus(200);
    102Γûò         $response->assertSee('method="POST"', false);
    103Γûò         $response->assertSee('name="_method"', false);
    104Γûò         $response->assertSee('value="PUT"', false);
    105Γûò     }

  ΓöÇΓöÇΓöÇΓöÇΓöÇΓöÇΓöÇΓöÇΓöÇΓöÇΓöÇΓöÇΓöÇΓöÇΓöÇΓöÇΓöÇΓöÇΓöÇΓöÇΓöÇΓöÇΓöÇΓöÇΓöÇΓöÇΓöÇΓöÇΓöÇΓöÇΓöÇΓöÇΓöÇΓöÇΓöÇΓöÇΓöÇΓöÇΓöÇΓöÇΓöÇΓöÇΓöÇΓöÇΓöÇΓöÇΓöÇΓöÇΓöÇΓöÇΓöÇΓöÇΓöÇΓöÇΓöÇΓöÇΓöÇΓöÇΓöÇΓöÇΓöÇΓöÇΓöÇΓöÇΓöÇΓöÇΓöÇΓöÇΓöÇΓöÇΓöÇΓöÇΓöÇΓöÇΓöÇΓöÇΓöÇΓöÇΓöÇΓöÇΓöÇΓöÇΓöÇΓöÇΓöÇΓöÇΓöÇΓöÇΓöÇΓöÇΓöÇ  
   FAILED  Tests\Feature\EditViewTest > edit view includes csrf token                          
  Expected response status code [200] but received 302.
Failed asserting that 302 is identical to 200.

  at tests\Feature\EditViewTest.php:113
    109Γûò         $anak = AnakYatim::factory()->create();
    110Γûò 
    111Γûò         $response = $this->get(route('anak-yatim.edit', $anak));
    112Γûò 
  Γ₧£ 113Γûò         $response->assertStatus(200);
    114Γûò         $response->assertSee('name="_token"', false);
    115Γûò     }
    116Γûò 
    117Γûò     public function test_edit_view_preserves_selected_dropdown_values(): void

  ΓöÇΓöÇΓöÇΓöÇΓöÇΓöÇΓöÇΓöÇΓöÇΓöÇΓöÇΓöÇΓöÇΓöÇΓöÇΓöÇΓöÇΓöÇΓöÇΓöÇΓöÇΓöÇΓöÇΓöÇΓöÇΓöÇΓöÇΓöÇΓöÇΓöÇΓöÇΓöÇΓöÇΓöÇΓöÇΓöÇΓöÇΓöÇΓöÇΓöÇΓöÇΓöÇΓöÇΓöÇΓöÇΓöÇΓöÇΓöÇΓöÇΓöÇΓöÇΓöÇΓöÇΓöÇΓöÇΓöÇΓöÇΓöÇΓöÇΓöÇΓöÇΓöÇΓöÇΓöÇΓöÇΓöÇΓöÇΓöÇΓöÇΓöÇΓöÇΓöÇΓöÇΓöÇΓöÇΓöÇΓöÇΓöÇΓöÇΓöÇΓöÇΓöÇΓöÇΓöÇΓöÇΓöÇΓöÇΓöÇΓöÇΓöÇΓöÇ  
   FAILED  Tests\Feature\EditViewTest > edit view preserves selected dropdown values           
  Expected response status code [200] but received 302.
Failed asserting that 302 is identical to 200.

  at tests\Feature\EditViewTest.php:127
    123Γûò         ]);
    124Γûò 
    125Γûò         $response = $this->get(route('anak-yatim.edit', $anak));
    126Γûò 
  Γ₧£ 127Γûò         $response->assertStatus(200);
    128Γûò         $response->assertSee('value="Perempuan" selected', false);
    129Γûò         $response->assertSee('value="Tidak Diketahui" selected', false);
    130Γûò         $response->assertSee('value="SMP" selected', false);
    131Γûò     }

  ΓöÇΓöÇΓöÇΓöÇΓöÇΓöÇΓöÇΓöÇΓöÇΓöÇΓöÇΓöÇΓöÇΓöÇΓöÇΓöÇΓöÇΓöÇΓöÇΓöÇΓöÇΓöÇΓöÇΓöÇΓöÇΓöÇΓöÇΓöÇΓöÇΓöÇΓöÇΓöÇΓöÇΓöÇΓöÇΓöÇΓöÇΓöÇΓöÇΓöÇΓöÇΓöÇΓöÇΓöÇΓöÇΓöÇΓöÇΓöÇΓöÇΓöÇΓöÇΓöÇΓöÇΓöÇΓöÇΓöÇΓöÇΓöÇΓöÇΓöÇΓöÇΓöÇΓöÇΓöÇΓöÇΓöÇΓöÇΓöÇΓöÇΓöÇΓöÇΓöÇΓöÇΓöÇΓöÇΓöÇΓöÇΓöÇΓöÇΓöÇΓöÇΓöÇΓöÇΓöÇΓöÇΓöÇΓöÇΓöÇΓöÇΓöÇΓöÇ  
   FAILED  Tests\Feature\ExampleTest > the application returns a successful response           
  Expected response status code [200] but received 302.
Failed asserting that 302 is identical to 200.

  at tests\Feature\ExampleTest.php:19
     15Γûò     public function test_the_application_returns_a_successful_response(): void
     16Γûò     {
     17Γûò         $response = $this->get('/');
     18Γûò 
  Γ₧£  19Γûò         $response->assertStatus(200);
     20Γûò         $response->assertViewIs('dashboard.index');
     21Γûò     }
     22Γûò }
     23Γûò

  ΓöÇΓöÇΓöÇΓöÇΓöÇΓöÇΓöÇΓöÇΓöÇΓöÇΓöÇΓöÇΓöÇΓöÇΓöÇΓöÇΓöÇΓöÇΓöÇΓöÇΓöÇΓöÇΓöÇΓöÇΓöÇΓöÇΓöÇΓöÇΓöÇΓöÇΓöÇΓöÇΓöÇΓöÇΓöÇΓöÇΓöÇΓöÇΓöÇΓöÇΓöÇΓöÇΓöÇΓöÇΓöÇΓöÇΓöÇΓöÇΓöÇΓöÇΓöÇΓöÇΓöÇΓöÇΓöÇΓöÇΓöÇΓöÇΓöÇΓöÇΓöÇΓöÇΓöÇΓöÇΓöÇΓöÇΓöÇΓöÇΓöÇΓöÇΓöÇΓöÇΓöÇΓöÇΓöÇΓöÇΓöÇΓöÇΓöÇΓöÇΓöÇΓöÇΓöÇΓöÇΓöÇΓöÇΓöÇΓöÇΓöÇΓöÇΓöÇ  
   FAILED  Tests\Feature\IndexViewTest > index view contains required elements                 
  Expected response status code [200] but received 302.
Failed asserting that 302 is identical to 200.

  at tests\Feature\IndexViewTest.php:22
     18Γûò         AnakYatim::factory()->count(3)->create();
     19Γûò 
     20Γûò         $response = $this->get(route('anak-yatim.index'));
     21Γûò 
  Γ₧£  22Γûò         $response->assertStatus(200);
     23Γûò         
     24Γûò         // Check for search form
     25Γûò         $response->assertSee('Pencarian');
     26Γûò         $response->assertSee('Cari nama anak, ayah, atau ibu...');

  ΓöÇΓöÇΓöÇΓöÇΓöÇΓöÇΓöÇΓöÇΓöÇΓöÇΓöÇΓöÇΓöÇΓöÇΓöÇΓöÇΓöÇΓöÇΓöÇΓöÇΓöÇΓöÇΓöÇΓöÇΓöÇΓöÇΓöÇΓöÇΓöÇΓöÇΓöÇΓöÇΓöÇΓöÇΓöÇΓöÇΓöÇΓöÇΓöÇΓöÇΓöÇΓöÇΓöÇΓöÇΓöÇΓöÇΓöÇΓöÇΓöÇΓöÇΓöÇΓöÇΓöÇΓöÇΓöÇΓöÇΓöÇΓöÇΓöÇΓöÇΓöÇΓöÇΓöÇΓöÇΓöÇΓöÇΓöÇΓöÇΓöÇΓöÇΓöÇΓöÇΓöÇΓöÇΓöÇΓöÇΓöÇΓöÇΓöÇΓöÇΓöÇΓöÇΓöÇΓöÇΓöÇΓöÇΓöÇΓöÇΓöÇΓöÇΓöÇ  
   FAILED  Tests\Feature\IndexViewTest > index view shows empty message                        
  Expected response status code [200] but received 302.
Failed asserting that 302 is identical to 200.

  at tests\Feature\IndexViewTest.php:55
     51Γûò     public function test_index_view_shows_empty_message(): void
     52Γûò     {
     53Γûò         $response = $this->get(route('anak-yatim.index'));
     54Γûò 
  Γ₧£  55Γûò         $response->assertStatus(200);
     56Γûò         $response->assertSee('Belum ada data anak yatim');
     57Γûò     }
     58Γûò 
     59Γûò     /**

  ΓöÇΓöÇΓöÇΓöÇΓöÇΓöÇΓöÇΓöÇΓöÇΓöÇΓöÇΓöÇΓöÇΓöÇΓöÇΓöÇΓöÇΓöÇΓöÇΓöÇΓöÇΓöÇΓöÇΓöÇΓöÇΓöÇΓöÇΓöÇΓöÇΓöÇΓöÇΓöÇΓöÇΓöÇΓöÇΓöÇΓöÇΓöÇΓöÇΓöÇΓöÇΓöÇΓöÇΓöÇΓöÇΓöÇΓöÇΓöÇΓöÇΓöÇΓöÇΓöÇΓöÇΓöÇΓöÇΓöÇΓöÇΓöÇΓöÇΓöÇΓöÇΓöÇΓöÇΓöÇΓöÇΓöÇΓöÇΓöÇΓöÇΓöÇΓöÇΓöÇΓöÇΓöÇΓöÇΓöÇΓöÇΓöÇΓöÇΓöÇΓöÇΓöÇΓöÇΓöÇΓöÇΓöÇΓöÇΓöÇΓöÇΓöÇΓöÇ  
   FAILED  Tests\Feature\IndexViewTest > index view shows pagination                           
  Expected response status code [200] but received 302.
Failed asserting that 302 is identical to 200.

  at tests\Feature\IndexViewTest.php:68
     64Γûò         AnakYatim::factory()->count(15)->create();
     65Γûò 
     66Γûò         $response = $this->get(route('anak-yatim.index'));
     67Γûò 
  Γ₧£  68Γûò         $response->assertStatus(200);
     69Γûò         $response->assertSee('Menampilkan');
     70Γûò         $response->assertSee('dari');
     71Γûò         $response->assertSee('data');
     72Γûò     }

  ΓöÇΓöÇΓöÇΓöÇΓöÇΓöÇΓöÇΓöÇΓöÇΓöÇΓöÇΓöÇΓöÇΓöÇΓöÇΓöÇΓöÇΓöÇΓöÇΓöÇΓöÇΓöÇΓöÇΓöÇΓöÇΓöÇΓöÇΓöÇΓöÇΓöÇΓöÇΓöÇΓöÇΓöÇΓöÇΓöÇΓöÇΓöÇΓöÇΓöÇΓöÇΓöÇΓöÇΓöÇΓöÇΓöÇΓöÇΓöÇΓöÇΓöÇΓöÇΓöÇΓöÇΓöÇΓöÇΓöÇΓöÇΓöÇΓöÇΓöÇΓöÇΓöÇΓöÇΓöÇΓöÇΓöÇΓöÇΓöÇΓöÇΓöÇΓöÇΓöÇΓöÇΓöÇΓöÇΓöÇΓöÇΓöÇΓöÇΓöÇΓöÇΓöÇΓöÇΓöÇΓöÇΓöÇΓöÇΓöÇΓöÇΓöÇΓöÇ  
   FAILED  Tests\Feature\IndexViewTest > index view shows active filters                       
  Expected response status code [200] but received 302.
Failed asserting that 302 is identical to 200.

  at tests\Feature\IndexViewTest.php:87
     83Γûò             'pendidikan' => 'SD',
     84Γûò             'tahun_masuk' => '2020'
     85Γûò         ]));
     86Γûò 
  Γ₧£  87Γûò         $response->assertStatus(200);
     88Γûò         $response->assertSee('Filter aktif:');
     89Γûò         $response->assertSee('Pencarian: Ahmad');
     90Γûò         $response->assertSee('Pendidikan: SD');
     91Γûò         $response->assertSee('Tahun Masuk: 2020');

  ΓöÇΓöÇΓöÇΓöÇΓöÇΓöÇΓöÇΓöÇΓöÇΓöÇΓöÇΓöÇΓöÇΓöÇΓöÇΓöÇΓöÇΓöÇΓöÇΓöÇΓöÇΓöÇΓöÇΓöÇΓöÇΓöÇΓöÇΓöÇΓöÇΓöÇΓöÇΓöÇΓöÇΓöÇΓöÇΓöÇΓöÇΓöÇΓöÇΓöÇΓöÇΓöÇΓöÇΓöÇΓöÇΓöÇΓöÇΓöÇΓöÇΓöÇΓöÇΓöÇΓöÇΓöÇΓöÇΓöÇΓöÇΓöÇΓöÇΓöÇΓöÇΓöÇΓöÇΓöÇΓöÇΓöÇΓöÇΓöÇΓöÇΓöÇΓöÇΓöÇΓöÇΓöÇΓöÇΓöÇΓöÇΓöÇΓöÇΓöÇΓöÇΓöÇΓöÇΓöÇΓöÇΓöÇΓöÇΓöÇΓöÇΓöÇΓöÇ  
   FAILED  Tests\Feature\IndexViewTest > delete confirmation script exists                     
  Expected response status code [200] but received 302.
Failed asserting that 302 is identical to 200.

  at tests\Feature\IndexViewTest.php:103
     99Γûò         AnakYatim::factory()->create();
    100Γûò 
    101Γûò         $response = $this->get(route('anak-yatim.index'));
    102Γûò 
  Γ₧£ 103Γûò         $response->assertStatus(200);
    104Γûò         $response->assertSee('confirmDelete', false);
    105Γûò         $response->assertSee('Apakah Anda yakin ingin menghapus data', false);
    106Γûò     }
    107Γûò }

  ΓöÇΓöÇΓöÇΓöÇΓöÇΓöÇΓöÇΓöÇΓöÇΓöÇΓöÇΓöÇΓöÇΓöÇΓöÇΓöÇΓöÇΓöÇΓöÇΓöÇΓöÇΓöÇΓöÇΓöÇΓöÇΓöÇΓöÇΓöÇΓöÇΓöÇΓöÇΓöÇΓöÇΓöÇΓöÇΓöÇΓöÇΓöÇΓöÇΓöÇΓöÇΓöÇΓöÇΓöÇΓöÇΓöÇΓöÇΓöÇΓöÇΓöÇΓöÇΓöÇΓöÇΓöÇΓöÇΓöÇΓöÇΓöÇΓöÇΓöÇΓöÇΓöÇΓöÇΓöÇΓöÇΓöÇΓöÇΓöÇΓöÇΓöÇΓöÇΓöÇΓöÇΓöÇΓöÇΓöÇΓöÇΓöÇΓöÇΓöÇΓöÇΓöÇΓöÇΓöÇΓöÇΓöÇΓöÇΓöÇΓöÇΓöÇΓöÇ  
   FAILED  Tests\Feature\ShowViewTest > show view displays all data in card format             
  Expected response status code [200] but received 302.
Failed asserting that 302 is identical to 200.

  at tests\Feature\ShowViewTest.php:27
     23Γûò         ]);
     24Γûò 
     25Γûò         $response = $this->get(route('anak-yatim.show', $anak));
     26Γûò 
  Γ₧£  27Γûò         $response->assertStatus(200);
     28Γûò         $response->assertSee('Detail Anak Yatim');
     29Γûò         $response->assertSee('Ahmad Test');
     30Γûò         $response->assertSee('Laki-laki');
     31Γûò         $response->assertSee('Jakarta');

  ΓöÇΓöÇΓöÇΓöÇΓöÇΓöÇΓöÇΓöÇΓöÇΓöÇΓöÇΓöÇΓöÇΓöÇΓöÇΓöÇΓöÇΓöÇΓöÇΓöÇΓöÇΓöÇΓöÇΓöÇΓöÇΓöÇΓöÇΓöÇΓöÇΓöÇΓöÇΓöÇΓöÇΓöÇΓöÇΓöÇΓöÇΓöÇΓöÇΓöÇΓöÇΓöÇΓöÇΓöÇΓöÇΓöÇΓöÇΓöÇΓöÇΓöÇΓöÇΓöÇΓöÇΓöÇΓöÇΓöÇΓöÇΓöÇΓöÇΓöÇΓöÇΓöÇΓöÇΓöÇΓöÇΓöÇΓöÇΓöÇΓöÇΓöÇΓöÇΓöÇΓöÇΓöÇΓöÇΓöÇΓöÇΓöÇΓöÇΓöÇΓöÇΓöÇΓöÇΓöÇΓöÇΓöÇΓöÇΓöÇΓöÇΓöÇΓöÇ  
   FAILED  Tests\Feature\ShowViewTest > show view displays photo when exists                   
  Expected response status code [200] but received 302.
Failed asserting that 302 is identical to 200.

  at tests\Feature\ShowViewTest.php:46
     42Γûò         ]);
     43Γûò 
     44Γûò         $response = $this->get(route('anak-yatim.show', $anak));
     45Γûò 
  Γ₧£  46Γûò         $response->assertStatus(200);
     47Γûò         $response->assertSee('storage/photos/test-photo.jpg', false);
     48Γûò     }
     49Γûò 
     50Γûò     public function test_show_view_displays_placeholder_when_no_photo(): void

  ΓöÇΓöÇΓöÇΓöÇΓöÇΓöÇΓöÇΓöÇΓöÇΓöÇΓöÇΓöÇΓöÇΓöÇΓöÇΓöÇΓöÇΓöÇΓöÇΓöÇΓöÇΓöÇΓöÇΓöÇΓöÇΓöÇΓöÇΓöÇΓöÇΓöÇΓöÇΓöÇΓöÇΓöÇΓöÇΓöÇΓöÇΓöÇΓöÇΓöÇΓöÇΓöÇΓöÇΓöÇΓöÇΓöÇΓöÇΓöÇΓöÇΓöÇΓöÇΓöÇΓöÇΓöÇΓöÇΓöÇΓöÇΓöÇΓöÇΓöÇΓöÇΓöÇΓöÇΓöÇΓöÇΓöÇΓöÇΓöÇΓöÇΓöÇΓöÇΓöÇΓöÇΓöÇΓöÇΓöÇΓöÇΓöÇΓöÇΓöÇΓöÇΓöÇΓöÇΓöÇΓöÇΓöÇΓöÇΓöÇΓöÇΓöÇΓöÇ  
   FAILED  Tests\Feature\ShowViewTest > show view displays placeholder when no photo           
  Expected response status code [200] but received 302.
Failed asserting that 302 is identical to 200.

  at tests\Feature\ShowViewTest.php:58
     54Γûò         ]);
     55Γûò 
     56Γûò         $response = $this->get(route('anak-yatim.show', $anak));
     57Γûò 
  Γ₧£  58Γûò         $response->assertStatus(200);
     59Γûò         $response->assertSee('Tidak ada foto');
     60Γûò         $response->assertSee('bi-person-circle');
     61Γûò     }
     62Γûò

  ΓöÇΓöÇΓöÇΓöÇΓöÇΓöÇΓöÇΓöÇΓöÇΓöÇΓöÇΓöÇΓöÇΓöÇΓöÇΓöÇΓöÇΓöÇΓöÇΓöÇΓöÇΓöÇΓöÇΓöÇΓöÇΓöÇΓöÇΓöÇΓöÇΓöÇΓöÇΓöÇΓöÇΓöÇΓöÇΓöÇΓöÇΓöÇΓöÇΓöÇΓöÇΓöÇΓöÇΓöÇΓöÇΓöÇΓöÇΓöÇΓöÇΓöÇΓöÇΓöÇΓöÇΓöÇΓöÇΓöÇΓöÇΓöÇΓöÇΓöÇΓöÇΓöÇΓöÇΓöÇΓöÇΓöÇΓöÇΓöÇΓöÇΓöÇΓöÇΓöÇΓöÇΓöÇΓöÇΓöÇΓöÇΓöÇΓöÇΓöÇΓöÇΓöÇΓöÇΓöÇΓöÇΓöÇΓöÇΓöÇΓöÇΓöÇΓöÇ  
   FAILED  Tests\Feature\ShowViewTest > show view has back edit and delete buttons             
  Expected response status code [200] but received 302.
Failed asserting that 302 is identical to 200.

  at tests\Feature\ShowViewTest.php:69
     65Γûò         $anak = AnakYatim::factory()->create();
     66Γûò 
     67Γûò         $response = $this->get(route('anak-yatim.show', $anak));
     68Γûò 
  Γ₧£  69Γûò         $response->assertStatus(200);
     70Γûò         $response->assertSee('Kembali');
     71Γûò         $response->assertSee('Edit');
     72Γûò         $response->assertSee('Hapus');
     73Γûò         $response->assertSee(route('anak-yatim.index'), false);

  ΓöÇΓöÇΓöÇΓöÇΓöÇΓöÇΓöÇΓöÇΓöÇΓöÇΓöÇΓöÇΓöÇΓöÇΓöÇΓöÇΓöÇΓöÇΓöÇΓöÇΓöÇΓöÇΓöÇΓöÇΓöÇΓöÇΓöÇΓöÇΓöÇΓöÇΓöÇΓöÇΓöÇΓöÇΓöÇΓöÇΓöÇΓöÇΓöÇΓöÇΓöÇΓöÇΓöÇΓöÇΓöÇΓöÇΓöÇΓöÇΓöÇΓöÇΓöÇΓöÇΓöÇΓöÇΓöÇΓöÇΓöÇΓöÇΓöÇΓöÇΓöÇΓöÇΓöÇΓöÇΓöÇΓöÇΓöÇΓöÇΓöÇΓöÇΓöÇΓöÇΓöÇΓöÇΓöÇΓöÇΓöÇΓöÇΓöÇΓöÇΓöÇΓöÇΓöÇΓöÇΓöÇΓöÇΓöÇΓöÇΓöÇΓöÇΓöÇ  
   FAILED  Tests\Feature\ShowViewTest > show view displays calculated age                      
  Expected response status code [200] but received 302.
Failed asserting that 302 is identical to 200.

  at tests\Feature\ShowViewTest.php:85
     81Γûò         ]);
     82Γûò 
     83Γûò         $response = $this->get(route('anak-yatim.show', $anak));
     84Γûò 
  Γ₧£  85Γûò         $response->assertStatus(200);
     86Γûò         $response->assertSee('10 Tahun');
     87Γûò         $response->assertSee('10 tahun');
     88Γûò     }
     89Γûò

  ΓöÇΓöÇΓöÇΓöÇΓöÇΓöÇΓöÇΓöÇΓöÇΓöÇΓöÇΓöÇΓöÇΓöÇΓöÇΓöÇΓöÇΓöÇΓöÇΓöÇΓöÇΓöÇΓöÇΓöÇΓöÇΓöÇΓöÇΓöÇΓöÇΓöÇΓöÇΓöÇΓöÇΓöÇΓöÇΓöÇΓöÇΓöÇΓöÇΓöÇΓöÇΓöÇΓöÇΓöÇΓöÇΓöÇΓöÇΓöÇΓöÇΓöÇΓöÇΓöÇΓöÇΓöÇΓöÇΓöÇΓöÇΓöÇΓöÇΓöÇΓöÇΓöÇΓöÇΓöÇΓöÇΓöÇΓöÇΓöÇΓöÇΓöÇΓöÇΓöÇΓöÇΓöÇΓöÇΓöÇΓöÇΓöÇΓöÇΓöÇΓöÇΓöÇΓöÇΓöÇΓöÇΓöÇΓöÇΓöÇΓöÇΓöÇΓöÇ  
   FAILED  Tests\Feature\ShowViewTest > show view displays null fields as dash                 
  Expected response status code [200] but received 302.
Failed asserting that 302 is identical to 200.

  at tests\Feature\ShowViewTest.php:100
     96Γûò         ]);
     97Γûò 
     98Γûò         $response = $this->get(route('anak-yatim.show', $anak));
     99Γûò 
  Γ₧£ 100Γûò         $response->assertStatus(200);
    101Γûò         // Check that dashes are displayed for null fields
    102Γûò         $response->assertSee('-');
    103Γûò     }
    104Γûò }


  Tests:    27 failed, 3 skipped, 326 passed (8719 assertions)
  Duration: 6526.60s

